
> well-link-client@0.0.0 build
> tsc && vite build

src/components/Navbar.tsx(2,24): error TS6133: 'User' is declared but its value is never read.
src/components/Toast.tsx(1,8): error TS6133: 'React' is declared but its value is never read.
src/components/VitalList.tsx(1,1): error TS6133: 'React' is declared but its value is never read.
src/context/AuthContext.tsx(2,1): error TS6133: 'api' is declared but its value is never read.
src/pages/Appointments.tsx(1,8): error TS6133: 'React' is declared but its value is never read.
src/pages/Appointments.tsx(2,85): error TS6133: 'AlertCircle' is declared but its value is never read.
src/pages/Dashboard.tsx(1,1): error TS6133: 'React' is declared but its value is never read.
src/pages/MedicalRecords.tsx(1,8): error TS6133: 'React' is declared but its value is never read.
src/pages/Patients.tsx(1,8): error TS6133: 'React' is declared but its value is never read.
