src/components/SliderInput.tsx(14,11): error TS6133: 'getGradientColor' is declared but its value is never read.
src/pages/CareFinder.tsx(2,57): error TS6133: 'Mail' is declared but its value is never read.
src/pages/CareFinder.tsx(19,11): error TS6133: 'user' is declared but its value is never read.
src/pages/HealthInsights.tsx(2,50): error TS6133: 'Bed' is declared but its value is never read.
src/pages/HealthInsights.tsx(2,55): error TS6133: 'Wind' is declared but its value is never read.
src/pages/HealthInsights.tsx(2,61): error TS6133: 'Smile' is declared but its value is never read.
src/pages/HealthInsights.tsx(2,84): error TS6133: 'FileText' is declared but its value is never read.
src/pages/HealthInsights.tsx(34,11): error TS6133: 'user' is declared but its value is never read.
